2025-03-11 15:27:12,045 - INFO - package: mysql.connector.plugins
2025-03-11 15:27:12,045 - INFO - plugin_name: mysql_native_password
2025-03-11 15:27:12,046 - INFO - AUTHENTICATION_PLUGIN_CLASS: MySQLNativePasswordAuthPlugin
2025-03-11 15:28:55,354 - ERROR - Database Connection Faild
2025-03-11 15:28:56,869 - INFO - package: mysql.connector.plugins
2025-03-11 15:28:56,870 - INFO - plugin_name: mysql_native_password
2025-03-11 15:28:56,870 - INFO - AUTHENTICATION_PLUGIN_CLASS: MySQLNativePasswordAuthPlugin
2025-03-11 15:32:41,153 - INFO - package: mysql.connector.plugins
2025-03-11 15:32:41,153 - INFO - plugin_name: mysql_native_password
2025-03-11 15:32:41,154 - INFO - AUTHENTICATION_PLUGIN_CLASS: MySQLNativePasswordAuthPlugin
2025-03-11 15:32:54,573 - ERROR - Database Connection Faild
2025-03-11 15:34:02,573 - INFO - package: mysql.connector.plugins
2025-03-11 15:34:02,573 - INFO - plugin_name: mysql_native_password
2025-03-11 15:34:02,574 - INFO - AUTHENTICATION_PLUGIN_CLASS: MySQLNativePasswordAuthPlugin
2025-03-11 15:34:02,575 - ERROR - Database Connection Faild
2025-03-11 15:34:10,686 - INFO - package: mysql.connector.plugins
2025-03-11 15:34:10,687 - INFO - plugin_name: mysql_native_password
2025-03-11 15:34:10,687 - INFO - AUTHENTICATION_PLUGIN_CLASS: MySQLNativePasswordAuthPlugin
2025-03-11 15:34:10,689 - ERROR - Database Connection Faild
2025-03-11 15:35:32,634 - ERROR - Database Connection Faild
2025-03-11 15:35:33,777 - INFO - package: mysql.connector.plugins
2025-03-11 15:35:33,777 - INFO - plugin_name: mysql_native_password
2025-03-11 15:35:33,777 - INFO - AUTHENTICATION_PLUGIN_CLASS: MySQLNativePasswordAuthPlugin
2025-03-11 15:35:33,779 - ERROR - Database Connection Faild
2025-03-11 15:36:11,665 - ERROR - Database Connection Faild
2025-03-11 15:36:14,118 - INFO - package: mysql.connector.plugins
2025-03-11 15:36:14,118 - INFO - plugin_name: mysql_native_password
2025-03-11 15:36:14,119 - INFO - AUTHENTICATION_PLUGIN_CLASS: MySQLNativePasswordAuthPlugin
2025-03-11 15:36:15,788 - ERROR - Database Connection Faild
2025-03-11 15:38:19,753 - INFO - package: mysql.connector.plugins
2025-03-11 15:38:19,753 - INFO - plugin_name: mysql_native_password
2025-03-11 15:38:19,754 - INFO - AUTHENTICATION_PLUGIN_CLASS: MySQLNativePasswordAuthPlugin
2025-03-11 15:38:19,755 - ERROR - Database Connection Faild
2025-03-11 15:39:07,287 - ERROR - Database Connection Faild
2025-03-11 15:39:15,838 - INFO - package: mysql.connector.plugins
2025-03-11 15:39:15,838 - INFO - plugin_name: mysql_native_password
2025-03-11 15:39:15,838 - INFO - AUTHENTICATION_PLUGIN_CLASS: MySQLNativePasswordAuthPlugin
2025-03-11 15:39:56,304 - ERROR - Database Connection Faild
2025-03-11 15:40:07,275 - INFO - package: mysql.connector.plugins
2025-03-11 15:40:07,275 - INFO - plugin_name: mysql_native_password
2025-03-11 15:40:07,275 - INFO - AUTHENTICATION_PLUGIN_CLASS: MySQLNativePasswordAuthPlugin
2025-03-11 15:40:07,276 - INFO - Database is connected
2025-03-11 15:40:08,674 - INFO - Connected to MQTT Broker!
2025-03-11 15:41:27,601 - INFO - Connected to MQTT Broker!
2025-03-11 15:41:48,019 - ERROR - Database Connection Faild
2025-03-11 15:42:54,291 - INFO - package: mysql.connector.plugins
2025-03-11 15:42:54,292 - INFO - plugin_name: mysql_native_password
2025-03-11 15:42:54,292 - INFO - AUTHENTICATION_PLUGIN_CLASS: MySQLNativePasswordAuthPlugin
2025-03-11 15:43:22,972 - ERROR - Database Connection Faild
2025-03-11 15:43:25,873 - INFO - package: mysql.connector.plugins
2025-03-11 15:43:25,873 - INFO - plugin_name: mysql_native_password
2025-03-11 15:43:25,874 - INFO - AUTHENTICATION_PLUGIN_CLASS: MySQLNativePasswordAuthPlugin
2025-03-11 15:43:26,509 - INFO - Connected to MQTT Broker!
2025-03-11 15:45:25,253 - INFO - Connected to MQTT Broker!
2025-03-11 15:47:27,082 - INFO - Connected to MQTT Broker!
2025-03-11 15:47:57,784 - ERROR - Database Connection Faild
2025-03-11 15:48:06,388 - INFO - package: mysql.connector.plugins
2025-03-11 15:48:06,388 - INFO - plugin_name: mysql_native_password
2025-03-11 15:48:06,389 - INFO - AUTHENTICATION_PLUGIN_CLASS: MySQLNativePasswordAuthPlugin
2025-03-11 15:48:06,939 - INFO - Connected to MQTT Broker!
2025-03-11 15:49:19,908 - INFO - Connected to MQTT Broker!
2025-03-11 15:50:40,928 - ERROR - Database Connection Faild
2025-03-11 15:51:48,431 - INFO - package: mysql.connector.plugins
2025-03-11 15:51:48,431 - INFO - plugin_name: mysql_native_password
2025-03-11 15:51:48,432 - INFO - AUTHENTICATION_PLUGIN_CLASS: MySQLNativePasswordAuthPlugin
2025-03-11 15:51:48,992 - INFO - Connected to MQTT Broker!
2025-03-11 15:52:31,179 - INFO - Connected to MQTT Broker!
2025-03-11 15:54:27,025 - ERROR - Database Connection Faild
2025-03-11 15:54:28,585 - INFO - package: mysql.connector.plugins
2025-03-11 15:54:28,585 - INFO - plugin_name: mysql_native_password
2025-03-11 15:54:28,585 - INFO - AUTHENTICATION_PLUGIN_CLASS: MySQLNativePasswordAuthPlugin
2025-03-11 15:54:29,234 - INFO - Connected to MQTT Broker!
2025-03-11 15:54:55,141 - INFO - Connected to MQTT Broker!
2025-03-11 15:55:49,929 - ERROR - Database Connection Faild
2025-03-11 15:55:51,462 - INFO - package: mysql.connector.plugins
2025-03-11 15:55:51,463 - INFO - plugin_name: mysql_native_password
2025-03-11 15:55:51,464 - INFO - AUTHENTICATION_PLUGIN_CLASS: MySQLNativePasswordAuthPlugin
2025-03-11 15:55:52,097 - INFO - Connected to MQTT Broker!
2025-03-11 15:56:28,274 - INFO - Connected to MQTT Broker!
2025-03-11 15:56:56,327 - ERROR - Database Connection Faild
2025-03-11 15:56:57,576 - INFO - package: mysql.connector.plugins
2025-03-11 15:56:57,577 - INFO - plugin_name: mysql_native_password
2025-03-11 15:56:57,577 - INFO - AUTHENTICATION_PLUGIN_CLASS: MySQLNativePasswordAuthPlugin
2025-03-11 15:56:58,208 - INFO - Connected to MQTT Broker!
2025-03-11 15:57:05,684 - ERROR - Database Connection Faild
2025-03-11 15:57:17,877 - INFO - package: mysql.connector.plugins
2025-03-11 15:57:17,877 - INFO - plugin_name: mysql_native_password
2025-03-11 15:57:17,877 - INFO - AUTHENTICATION_PLUGIN_CLASS: MySQLNativePasswordAuthPlugin
2025-03-11 15:57:18,597 - INFO - Connected to MQTT Broker!
2025-03-11 15:58:32,678 - INFO - Connected to MQTT Broker!
2025-03-11 15:58:35,593 - ERROR - Database Connection Faild
2025-03-11 16:08:37,861 - INFO - package: mysql.connector.plugins
2025-03-11 16:08:37,861 - INFO - plugin_name: mysql_native_password
2025-03-11 16:08:37,862 - INFO - AUTHENTICATION_PLUGIN_CLASS: MySQLNativePasswordAuthPlugin
2025-03-11 16:08:38,863 - INFO - Connected to MQTT Broker!
2025-03-11 16:10:40,583 - ERROR - Database Connection Faild
2025-03-11 16:10:42,618 - INFO - package: mysql.connector.plugins
2025-03-11 16:10:42,619 - INFO - plugin_name: mysql_native_password
2025-03-11 16:10:42,619 - INFO - AUTHENTICATION_PLUGIN_CLASS: MySQLNativePasswordAuthPlugin
2025-03-11 16:10:42,620 - INFO - Database is connected
2025-03-11 16:10:43,404 - INFO - Connected to MQTT Broker!
2025-03-11 16:12:16,726 - ERROR - Database Connection Faild
2025-03-11 16:12:18,318 - INFO - package: mysql.connector.plugins
2025-03-11 16:12:18,318 - INFO - plugin_name: mysql_native_password
2025-03-11 16:12:18,319 - INFO - AUTHENTICATION_PLUGIN_CLASS: MySQLNativePasswordAuthPlugin
2025-03-11 16:12:18,320 - INFO - Database is connected
2025-03-11 16:12:19,208 - INFO - Connected to MQTT Broker!
2025-03-11 16:12:31,117 - ERROR - Database Connection Faild
2025-03-11 16:13:46,619 - INFO - package: mysql.connector.plugins
2025-03-11 16:13:46,619 - INFO - plugin_name: mysql_native_password
2025-03-11 16:13:46,620 - INFO - AUTHENTICATION_PLUGIN_CLASS: MySQLNativePasswordAuthPlugin
2025-03-11 16:13:46,621 - INFO - Database is connected
2025-03-11 16:13:47,334 - INFO - Connected to MQTT Broker!
2025-03-11 16:13:54,386 - ERROR - Database Connection Faild
2025-03-11 16:14:09,333 - INFO - package: mysql.connector.plugins
2025-03-11 16:14:09,333 - INFO - plugin_name: mysql_native_password
2025-03-11 16:14:09,334 - INFO - AUTHENTICATION_PLUGIN_CLASS: MySQLNativePasswordAuthPlugin
2025-03-11 16:14:09,334 - INFO - Database is connected
2025-03-11 16:14:10,073 - INFO - Connected to MQTT Broker!
2025-03-11 16:14:21,588 - ERROR - Database Connection Faild
2025-03-11 16:14:23,006 - INFO - package: mysql.connector.plugins
2025-03-11 16:14:23,006 - INFO - plugin_name: mysql_native_password
2025-03-11 16:14:23,007 - INFO - AUTHENTICATION_PLUGIN_CLASS: MySQLNativePasswordAuthPlugin
2025-03-11 16:14:23,007 - INFO - Database is connected
2025-03-11 16:14:23,753 - INFO - Connected to MQTT Broker!
2025-03-11 16:14:31,831 - ERROR - Database Connection Faild
2025-03-11 16:29:24,225 - INFO - package: mysql.connector.plugins
2025-03-11 16:29:24,225 - INFO - plugin_name: mysql_native_password
2025-03-11 16:29:24,226 - INFO - AUTHENTICATION_PLUGIN_CLASS: MySQLNativePasswordAuthPlugin
2025-03-11 16:29:24,226 - INFO - Database is connected
2025-03-11 16:29:24,765 - INFO - Connected to MQTT Broker!
2025-03-11 16:29:31,711 - ERROR - Database Connection Faild
2025-03-11 16:30:04,034 - INFO - package: mysql.connector.plugins
2025-03-11 16:30:04,035 - INFO - plugin_name: mysql_native_password
2025-03-11 16:30:04,035 - INFO - AUTHENTICATION_PLUGIN_CLASS: MySQLNativePasswordAuthPlugin
2025-03-11 16:30:04,036 - INFO - Database is connected
2025-03-11 16:30:04,601 - INFO - Connected to MQTT Broker!
2025-03-11 16:30:09,505 - ERROR - Database Connection Faild
2025-03-11 16:31:43,323 - INFO - package: mysql.connector.plugins
2025-03-11 16:31:43,323 - INFO - plugin_name: mysql_native_password
2025-03-11 16:31:43,323 - INFO - AUTHENTICATION_PLUGIN_CLASS: MySQLNativePasswordAuthPlugin
2025-03-11 16:31:43,324 - INFO - Database is connected
2025-03-11 16:31:43,866 - INFO - Connected to MQTT Broker!
2025-03-11 16:33:46,687 - INFO - Connected to MQTT Broker!
2025-03-11 16:35:06,259 - ERROR - Database Connection Faild
2025-03-11 16:35:09,587 - INFO - package: mysql.connector.plugins
2025-03-11 16:35:09,587 - INFO - plugin_name: mysql_native_password
2025-03-11 16:35:09,587 - INFO - AUTHENTICATION_PLUGIN_CLASS: MySQLNativePasswordAuthPlugin
2025-03-11 16:35:09,588 - INFO - Database is connected
2025-03-11 16:35:10,172 - INFO - Connected to MQTT Broker!
2025-03-11 16:35:24,709 - ERROR - Database Connection Faild
2025-03-11 16:36:12,448 - INFO - package: mysql.connector.plugins
2025-03-11 16:36:12,448 - INFO - plugin_name: mysql_native_password
2025-03-11 16:36:12,449 - INFO - AUTHENTICATION_PLUGIN_CLASS: MySQLNativePasswordAuthPlugin
2025-03-11 16:36:12,449 - INFO - Database is connected
2025-03-11 16:36:13,013 - INFO - Connected to MQTT Broker!
2025-03-11 16:38:15,764 - INFO - Connected to MQTT Broker!
2025-03-11 16:40:18,519 - INFO - Connected to MQTT Broker!
2025-03-11 16:42:21,285 - INFO - Connected to MQTT Broker!
2025-03-11 16:44:24,041 - INFO - Connected to MQTT Broker!
2025-03-11 16:45:08,517 - ERROR - Database Connection Faild
2025-03-11 17:02:17,060 - INFO - package: mysql.connector.plugins
2025-03-11 17:02:17,060 - INFO - plugin_name: mysql_native_password
2025-03-11 17:02:17,061 - INFO - AUTHENTICATION_PLUGIN_CLASS: MySQLNativePasswordAuthPlugin
2025-03-11 17:02:17,061 - INFO - Database is connected
2025-03-11 17:02:17,665 - INFO - Connected to MQTT Broker!
2025-03-11 17:04:20,530 - INFO - Connected to MQTT Broker!
2025-03-11 17:06:23,354 - INFO - Connected to MQTT Broker!
2025-03-11 17:07:27,781 - ERROR - Database Connection Faild
2025-03-11 17:21:15,129 - INFO - package: mysql.connector.plugins
2025-03-11 17:21:15,129 - INFO - plugin_name: mysql_native_password
2025-03-11 17:21:15,130 - INFO - AUTHENTICATION_PLUGIN_CLASS: MySQLNativePasswordAuthPlugin
2025-03-11 17:21:15,130 - INFO - Database is connected
2025-03-11 17:21:15,751 - INFO - Connected to MQTT Broker!
2025-03-11 17:21:19,584 - INFO - package: mysql.connector.plugins
2025-03-11 17:21:19,584 - INFO - plugin_name: mysql_native_password
2025-03-11 17:21:19,585 - INFO - AUTHENTICATION_PLUGIN_CLASS: MySQLNativePasswordAuthPlugin
2025-03-11 17:21:19,585 - INFO - Database is connected
2025-03-11 17:21:20,186 - INFO - Connected to MQTT Broker!
2025-03-11 17:21:30,310 - ERROR - Database Connection Faild
2025-03-11 17:29:58,334 - INFO - package: mysql.connector.plugins
2025-03-11 17:29:58,335 - INFO - plugin_name: mysql_native_password
2025-03-11 17:29:58,335 - INFO - AUTHENTICATION_PLUGIN_CLASS: MySQLNativePasswordAuthPlugin
2025-03-11 17:29:58,336 - INFO - Database is connected
2025-03-11 17:29:58,945 - INFO - Connected to MQTT Broker!
2025-03-11 17:30:24,317 - ERROR - Database Connection Faild
2025-03-11 17:30:28,304 - INFO - package: mysql.connector.plugins
2025-03-11 17:30:28,305 - INFO - plugin_name: mysql_native_password
2025-03-11 17:30:28,305 - INFO - AUTHENTICATION_PLUGIN_CLASS: MySQLNativePasswordAuthPlugin
2025-03-11 17:30:28,306 - INFO - Database is connected
2025-03-11 17:30:28,902 - INFO - Connected to MQTT Broker!
2025-03-11 17:30:32,709 - ERROR - Database Connection Faild
2025-03-11 17:32:11,418 - INFO - package: mysql.connector.plugins
2025-03-11 17:32:11,419 - INFO - plugin_name: mysql_native_password
2025-03-11 17:32:11,419 - INFO - AUTHENTICATION_PLUGIN_CLASS: MySQLNativePasswordAuthPlugin
2025-03-11 17:32:11,420 - INFO - Database is connected
2025-03-11 17:32:12,064 - INFO - Connected to MQTT Broker!
2025-03-11 17:32:32,230 - ERROR - Database Connection Faild
2025-03-11 17:32:33,791 - INFO - package: mysql.connector.plugins
2025-03-11 17:32:33,791 - INFO - plugin_name: mysql_native_password
2025-03-11 17:32:33,792 - INFO - AUTHENTICATION_PLUGIN_CLASS: MySQLNativePasswordAuthPlugin
2025-03-11 17:32:33,792 - INFO - Database is connected
2025-03-11 17:32:34,384 - INFO - Connected to MQTT Broker!
2025-03-11 17:32:41,851 - ERROR - Database Connection Faild
2025-03-11 17:32:47,233 - INFO - package: mysql.connector.plugins
2025-03-11 17:32:47,234 - INFO - plugin_name: mysql_native_password
2025-03-11 17:32:47,234 - INFO - AUTHENTICATION_PLUGIN_CLASS: MySQLNativePasswordAuthPlugin
2025-03-11 17:32:47,235 - INFO - Database is connected
2025-03-11 17:32:47,838 - INFO - Connected to MQTT Broker!
2025-03-11 17:34:50,407 - INFO - Connected to MQTT Broker!
2025-03-11 17:35:28,866 - ERROR - Database Connection Faild
2025-03-11 17:47:30,897 - INFO - package: mysql.connector.plugins
2025-03-11 17:47:30,898 - INFO - plugin_name: mysql_native_password
2025-03-11 17:47:30,898 - INFO - AUTHENTICATION_PLUGIN_CLASS: MySQLNativePasswordAuthPlugin
2025-03-11 17:47:30,899 - INFO - Database is connected
2025-03-11 17:47:31,452 - INFO - Connected to MQTT Broker!
2025-03-11 17:47:34,787 - ERROR - Database Connection Faild
2025-03-11 17:47:53,884 - INFO - package: mysql.connector.plugins
2025-03-11 17:47:53,884 - INFO - plugin_name: mysql_native_password
2025-03-11 17:47:53,884 - INFO - AUTHENTICATION_PLUGIN_CLASS: MySQLNativePasswordAuthPlugin
2025-03-11 17:47:54,481 - INFO - Connected to MQTT Broker!
2025-03-11 17:49:56,304 - INFO - Connected to MQTT Broker!
2025-03-11 17:52:01,239 - INFO - Connected to MQTT Broker!
2025-03-11 17:53:32,893 - ERROR - Database Connection Faild
2025-03-11 17:56:07,553 - INFO - package: mysql.connector.plugins
2025-03-11 17:56:07,553 - INFO - plugin_name: mysql_native_password
2025-03-11 17:56:07,554 - INFO - AUTHENTICATION_PLUGIN_CLASS: MySQLNativePasswordAuthPlugin
2025-03-11 17:56:14,710 - ERROR - Database Connection Faild
2025-03-11 17:56:30,284 - INFO - package: mysql.connector.plugins
2025-03-11 17:56:30,285 - INFO - plugin_name: mysql_native_password
2025-03-11 17:56:30,285 - INFO - AUTHENTICATION_PLUGIN_CLASS: MySQLNativePasswordAuthPlugin
2025-03-11 17:59:13,343 - ERROR - Database Connection Faild
2025-03-11 17:59:20,125 - ERROR - Database Connection Faild
2025-03-11 17:59:37,178 - ERROR - Database Connection Faild
2025-03-11 17:59:58,582 - ERROR - Database Connection Faild
2025-03-11 18:00:15,635 - ERROR - Database Connection Faild
2025-03-11 18:00:32,683 - ERROR - Database Connection Faild
2025-03-11 18:00:49,734 - ERROR - Database Connection Faild
2025-03-11 18:01:06,756 - ERROR - Database Connection Faild
2025-03-11 18:01:23,806 - ERROR - Database Connection Faild
2025-03-11 18:01:40,862 - ERROR - Database Connection Faild
2025-03-11 18:01:57,906 - ERROR - Database Connection Faild
2025-03-11 18:02:14,951 - ERROR - Database Connection Faild
2025-03-11 18:02:31,979 - ERROR - Database Connection Faild
2025-03-11 18:02:49,028 - ERROR - Database Connection Faild
2025-03-11 18:03:06,075 - ERROR - Database Connection Faild
2025-03-11 18:03:22,764 - INFO - package: mysql.connector.plugins
2025-03-11 18:03:22,764 - INFO - plugin_name: mysql_native_password
2025-03-11 18:03:22,765 - INFO - AUTHENTICATION_PLUGIN_CLASS: MySQLNativePasswordAuthPlugin
2025-03-11 18:04:28,349 - ERROR - Database Connection Faild
2025-03-11 18:04:38,808 - INFO - package: mysql.connector.plugins
2025-03-11 18:04:38,808 - INFO - plugin_name: mysql_native_password
2025-03-11 18:04:38,809 - INFO - AUTHENTICATION_PLUGIN_CLASS: MySQLNativePasswordAuthPlugin
2025-03-11 18:04:38,839 - ERROR - Database Connection Faild
2025-03-11 18:04:55,862 - INFO - package: mysql.connector.plugins
2025-03-11 18:04:55,863 - INFO - plugin_name: mysql_native_password
2025-03-11 18:04:55,863 - INFO - AUTHENTICATION_PLUGIN_CLASS: MySQLNativePasswordAuthPlugin
2025-03-11 18:48:54,035 - ERROR - Database Connection Faild
2025-03-11 18:48:56,286 - INFO - package: mysql.connector.plugins
2025-03-11 18:48:56,286 - INFO - plugin_name: mysql_native_password
2025-03-11 18:48:56,286 - INFO - AUTHENTICATION_PLUGIN_CLASS: MySQLNativePasswordAuthPlugin
2025-03-11 18:52:25,823 - ERROR - Database Connection Faild
2025-03-11 18:52:29,679 - INFO - package: mysql.connector.plugins
2025-03-11 18:52:29,679 - INFO - plugin_name: mysql_native_password
2025-03-11 18:52:29,679 - INFO - AUTHENTICATION_PLUGIN_CLASS: MySQLNativePasswordAuthPlugin
2025-03-11 18:52:43,268 - ERROR - Database Connection Faild
2025-03-11 18:52:51,078 - INFO - package: mysql.connector.plugins
2025-03-11 18:52:51,078 - INFO - plugin_name: mysql_native_password
2025-03-11 18:52:51,079 - INFO - AUTHENTICATION_PLUGIN_CLASS: MySQLNativePasswordAuthPlugin
2025-03-11 18:53:21,389 - ERROR - Database Connection Faild
2025-03-11 18:53:23,105 - INFO - package: mysql.connector.plugins
2025-03-11 18:53:23,105 - INFO - plugin_name: mysql_native_password
2025-03-11 18:53:23,106 - INFO - AUTHENTICATION_PLUGIN_CLASS: MySQLNativePasswordAuthPlugin
2025-03-11 18:53:23,107 - INFO - Database is connected
2025-03-11 18:53:23,814 - INFO - Connected to MQTT Broker!
2025-03-11 18:55:07,604 - ERROR - Database Connection Faild
2025-03-11 18:55:09,623 - INFO - package: mysql.connector.plugins
2025-03-11 18:55:09,623 - INFO - plugin_name: mysql_native_password
2025-03-11 18:55:09,624 - INFO - AUTHENTICATION_PLUGIN_CLASS: MySQLNativePasswordAuthPlugin
2025-03-11 18:55:09,625 - INFO - Database is connected
2025-03-11 18:55:10,204 - INFO - Connected to MQTT Broker!
2025-03-11 18:57:15,258 - ERROR - Database Connection Faild
2025-03-11 18:57:18,644 - ERROR - Database Connection Faild
2025-03-11 18:57:35,690 - ERROR - Database Connection Faild
2025-03-11 18:57:50,692 - INFO - package: mysql.connector.plugins
2025-03-11 18:57:50,692 - INFO - plugin_name: mysql_native_password
2025-03-11 18:57:50,692 - INFO - AUTHENTICATION_PLUGIN_CLASS: MySQLNativePasswordAuthPlugin
2025-03-11 18:57:50,693 - INFO - Database is connected
2025-03-11 18:57:51,310 - INFO - Connected to MQTT Broker!
2025-03-11 19:09:57,192 - ERROR - Database Connection Faild
2025-03-11 19:10:14,239 - ERROR - Database Connection Faild
2025-03-11 19:10:24,527 - ERROR - Database Connection Faild
2025-03-11 19:10:39,647 - ERROR - Database Connection Faild
2025-03-11 19:10:56,693 - ERROR - Database Connection Faild
2025-03-11 19:11:12,220 - ERROR - Database Connection Faild
2025-03-11 19:11:29,266 - ERROR - Database Connection Faild
2025-03-11 19:11:44,904 - ERROR - Database Connection Faild
2025-03-11 19:12:01,953 - ERROR - Database Connection Faild
2025-03-11 19:12:16,957 - ERROR - Database Connection Faild
2025-03-11 19:12:33,998 - ERROR - Database Connection Faild
2025-03-11 19:12:51,044 - ERROR - Database Connection Faild
2025-03-11 19:13:06,048 - INFO - package: mysql.connector.plugins
2025-03-11 19:13:06,049 - INFO - plugin_name: mysql_native_password
2025-03-11 19:13:06,074 - INFO - AUTHENTICATION_PLUGIN_CLASS: MySQLNativePasswordAuthPlugin
2025-03-11 19:13:06,090 - INFO - Database is connected
2025-03-11 19:13:07,581 - INFO - Connected to MQTT Broker!
2025-03-11 19:13:38,116 - ERROR - Database Connection Faild
2025-03-11 19:13:39,794 - INFO - package: mysql.connector.plugins
2025-03-11 19:13:39,794 - INFO - plugin_name: mysql_native_password
2025-03-11 19:13:39,795 - INFO - AUTHENTICATION_PLUGIN_CLASS: MySQLNativePasswordAuthPlugin
2025-03-11 19:13:39,795 - INFO - Database is connected
2025-03-11 19:13:40,411 - INFO - Connected to MQTT Broker!
2025-03-11 19:14:11,166 - INFO - package: mysql.connector.plugins
2025-03-11 19:14:11,167 - INFO - plugin_name: mysql_native_password
2025-03-11 19:14:11,168 - INFO - AUTHENTICATION_PLUGIN_CLASS: MySQLNativePasswordAuthPlugin
2025-03-11 19:14:11,168 - INFO - Database is connected
2025-03-11 19:14:11,744 - INFO - Connected to MQTT Broker!
2025-03-11 19:14:59,528 - ERROR - Database Connection Faild
2025-03-11 19:15:01,085 - INFO - package: mysql.connector.plugins
2025-03-11 19:15:01,086 - INFO - plugin_name: mysql_native_password
2025-03-11 19:15:01,087 - INFO - AUTHENTICATION_PLUGIN_CLASS: MySQLNativePasswordAuthPlugin
2025-03-11 19:15:01,087 - INFO - Database is connected
2025-03-11 19:15:01,673 - INFO - Connected to MQTT Broker!
2025-03-11 19:15:24,116 - ERROR - Database Connection Faild
2025-03-11 19:15:25,742 - INFO - package: mysql.connector.plugins
2025-03-11 19:15:25,742 - INFO - plugin_name: mysql_native_password
2025-03-11 19:15:25,743 - INFO - AUTHENTICATION_PLUGIN_CLASS: MySQLNativePasswordAuthPlugin
2025-03-11 19:15:25,743 - INFO - Database is connected
2025-03-11 19:15:26,332 - INFO - Connected to MQTT Broker!
2025-03-11 19:16:15,133 - ERROR - Database Connection Faild
2025-03-11 19:16:19,912 - INFO - package: mysql.connector.plugins
2025-03-11 19:16:19,912 - INFO - plugin_name: mysql_native_password
2025-03-11 19:16:19,913 - INFO - AUTHENTICATION_PLUGIN_CLASS: MySQLNativePasswordAuthPlugin
2025-03-11 19:16:19,914 - INFO - Database is connected
2025-03-11 19:16:20,508 - INFO - Connected to MQTT Broker!
2025-03-11 19:18:40,999 - ERROR - Database Connection Faild
2025-03-11 19:18:43,990 - ERROR - Database Connection Faild
2025-03-11 19:18:58,992 - INFO - package: mysql.connector.plugins
2025-03-11 19:18:58,993 - INFO - plugin_name: mysql_native_password
2025-03-11 19:18:58,994 - INFO - AUTHENTICATION_PLUGIN_CLASS: MySQLNativePasswordAuthPlugin
2025-03-11 19:18:58,996 - INFO - Database is connected
2025-03-11 19:18:59,623 - INFO - Connected to MQTT Broker!
